[2026-09-07 00:12:55] === IQR A/B start (ctx={'blaine': 512, 'residue': 256}, full/predlen4/1000steps/lr1e-6/batch64) ===
[2026-09-07 00:12:55] START finetune blaine withiqr ctx512  (CHRONOS_PROCESSED_CSV=data/processed/with_iqr/quality_timeseries.csv)
[2026-09-07 00:15:49] DONE  finetune blaine withiqr ctx512 (2.9 min)
[2026-09-07 00:15:49] START backtest blaine withiqr evalon_raw  (CHRONOS_PROCESSED_CSV=data/processed/without_iqr/quality_timeseries.csv)
[2026-09-07 00:16:40] DONE  backtest blaine withiqr evalon_raw (0.9 min)
[2026-09-07 00:16:40] START backtest blaine withiqr evalon_clean  (CHRONOS_PROCESSED_CSV=data/processed/with_iqr/quality_timeseries.csv)
[2026-09-07 00:17:31] DONE  backtest blaine withiqr evalon_clean (0.8 min)
[2026-09-07 00:17:31] START finetune blaine withoutiqr ctx512  (CHRONOS_PROCESSED_CSV=data/processed/without_iqr/quality_timeseries.csv)
[2026-09-07 00:20:05] DONE  finetune blaine withoutiqr ctx512 (2.6 min)
[2026-09-07 00:20:05] START backtest blaine withoutiqr evalon_raw  (CHRONOS_PROCESSED_CSV=data/processed/without_iqr/quality_timeseries.csv)
[2026-09-07 00:20:57] DONE  backtest blaine withoutiqr evalon_raw (0.9 min)
[2026-09-07 00:20:57] START backtest blaine withoutiqr evalon_clean  (CHRONOS_PROCESSED_CSV=data/processed/with_iqr/quality_timeseries.csv)
[2026-09-07 00:21:47] DONE  backtest blaine withoutiqr evalon_clean (0.8 min)
[2026-09-07 00:21:47] START finetune residue withiqr ctx256  (CHRONOS_PROCESSED_CSV=data/processed/with_iqr/quality_timeseries.csv)
[2026-09-07 00:23:23] DONE  finetune residue withiqr ctx256 (1.6 min)
[2026-09-07 00:23:23] START backtest residue withiqr evalon_raw  (CHRONOS_PROCESSED_CSV=data/processed/without_iqr/quality_timeseries.csv)
[2026-09-07 00:23:56] DONE  backtest residue withiqr evalon_raw (0.5 min)
[2026-09-07 00:23:56] START backtest residue withiqr evalon_clean  (CHRONOS_PROCESSED_CSV=data/processed/with_iqr/quality_timeseries.csv)
[2026-09-07 00:24:24] DONE  backtest residue withiqr evalon_clean (0.5 min)
[2026-09-07 00:24:24] START finetune residue withoutiqr ctx256  (CHRONOS_PROCESSED_CSV=data/processed/without_iqr/quality_timeseries.csv)
[2026-09-07 00:26:01] DONE  finetune residue withoutiqr ctx256 (1.6 min)
[2026-09-07 00:26:01] START backtest residue withoutiqr evalon_raw  (CHRONOS_PROCESSED_CSV=data/processed/without_iqr/quality_timeseries.csv)
[2026-09-07 00:26:34] DONE  backtest residue withoutiqr evalon_raw (0.5 min)
[2026-09-07 00:26:34] START backtest residue withoutiqr evalon_clean  (CHRONOS_PROCESSED_CSV=data/processed/with_iqr/quality_timeseries.csv)
[2026-09-07 00:27:02] DONE  backtest residue withoutiqr evalon_clean (0.5 min)
[2026-09-07 00:27:02] === IQR A/B complete ===
