[2026-09-07 00:12:55] === IQR A/B start (ctx={'blaine': 512, 'residue': 256}, full/predlen4/1000steps/lr1e-6/batch64) ===
[2026-09-07 00:12:55] START finetune blaine withiqr ctx512  (CHRONOS_PROCESSED_CSV=data/processed/with_iqr/quality_timeseries.csv)
  cmd: C:\Users\lhgdr\Desktop\Kitech\Cement\Cement_code_fin\.venv\Scripts\python.exe train/finetune_chronos2.py --target blaine --finetune-mode full --prediction-length 4 --context-length 512 --learning-rate 1e-6 --num-steps 1000 --batch-size 64 --output-tag ctx512_withiqr
----- stdout tail -----
{'eval_loss': '0.006438', 'eval_runtime': '0.0702', 'eval_samples_per_second': '1795', 'eval_steps_per_second': '28.49', 'epoch': '0.3'}
{'loss': '0.008883', 'grad_norm': '0.6607', 'learning_rate': '6.01e-07', 'epoch': '0.4'}
{'eval_loss': '0.006952', 'eval_runtime': '0.0696', 'eval_samples_per_second': '1811', 'eval_steps_per_second': '28.74', 'epoch': '0.4'}
{'loss': '0.009061', 'grad_norm': '0.5878', 'learning_rate': '5.01e-07', 'epoch': '0.5'}
{'eval_loss': '0.006534', 'eval_runtime': '0.069', 'eval_samples_per_second': '1826', 'eval_steps_per_second': '28.98', 'epoch': '0.5'}
{'loss': '0.008402', 'grad_norm': '0.4084', 'learning_rate': '4.01e-07', 'epoch': '0.6'}
{'eval_loss': '0.006773', 'eval_runtime': '0.0712', 'eval_samples_per_second': '1771', 'eval_steps_per_second': '28.1', 'epoch': '0.6'}
{'loss': '0.008224', 'grad_norm': '0.4524', 'learning_rate': '3.01e-07', 'epoch': '0.7'}
{'eval_loss': '0.006608', 'eval_runtime': '0.0692', 'eval_samples_per_second': '1821', 'eval_steps_per_second': '28.91', 'epoch': '0.7'}
{'loss': '0.008321', 'grad_norm': '0.4012', 'learning_rate': '2.01e-07', 'epoch': '0.8'}
{'eval_loss': '0.006369', 'eval_runtime': '0.0698', 'eval_samples_per_second': '1804', 'eval_steps_per_second': '28.64', 'epoch': '0.8'}
{'loss': '0.007819', 'grad_norm': '0.484', 'learning_rate': '1.01e-07', 'epoch': '0.9'}
{'eval_loss': '0.006425', 'eval_runtime': '0.0735', 'eval_samples_per_second': '1713', 'eval_steps_per_second': '27.19', 'epoch': '0.9'}
{'loss': '0.008383', 'grad_norm': '0.6918', 'learning_rate': '1e-09', 'epoch': '1'}
{'eval_loss': '0.006514', 'eval_runtime': '0.072', 'eval_samples_per_second': '1751', 'eval_steps_per_second': '27.79', 'epoch': '1'}
{'train_runtime': '148.8', 'train_samples_per_second': '430.1', 'train_steps_per_second': '6.72', 'train_loss': '0.008191', 'epoch': '1'}
Saved fine-tuned blaine quality net -> C:\Users\lhgdr\Desktop\Kitech\Cement\Cement_code_fin\checkpoints\blaine_ctx512_withiqr\final
Saved loss history (10 val points) -> C:\Users\lhgdr\Desktop\Kitech\Cement\Cement_code_fin\checkpoints\blaine_ctx512_withiqr\loss_history.csv
  val_loss: min=0.00582 (step 100), final=0.00651 (step 1000), final-min=+0.00069 <-- val loss rose from its min: overfitting
Saved loss curve -> C:\Users\lhgdr\Desktop\Kitech\Cement\Cement_code_fin\checkpoints\blaine_ctx512_withiqr\loss_history.png
[2026-09-07 00:15:49] DONE  finetune blaine withiqr ctx512 (2.9 min)
[2026-09-07 00:15:49] START backtest blaine withiqr evalon_raw  (CHRONOS_PROCESSED_CSV=data/processed/without_iqr/quality_timeseries.csv)
  cmd: C:\Users\lhgdr\Desktop\Kitech\Cement\Cement_code_fin\.venv\Scripts\python.exe eval/backtest.py --target blaine --checkpoint C:\Users\lhgdr\Desktop\Kitech\Cement\Cement_code_fin\checkpoints\blaine_ctx512_withiqr\final --context-length 512 --stride 4 --tag ctx512_withiqr_evalon_raw
----- stdout tail -----
Saved backtest results -> C:\Users\lhgdr\Desktop\Kitech\Cement\Cement_code_fin\eval\backtest_blaine_ctx512_withiqr_evalon_raw.csv

=== blaine backtest (C:\Users\lhgdr\Desktop\Kitech\Cement\Cement_code_fin\checkpoints\blaine_ctx512_withiqr\final) ===
n = 851  (fresh-reading transitions only: True)

--- Naive baseline (repeat last observed reading) ---
MAE=83.767  RMSE=118.862  R2=0.1629  spec-in/out accuracy=66.98%
            Pred IN  Pred OUT
Actual IN       265       139
Actual OUT      142       305

--- Chronos-2 ---
MAE=69.963  RMSE=94.906  R2=0.4663  spec-in/out accuracy=69.45%
            Pred IN  Pred OUT
Actual IN       262       142
Actual OUT      118       329

normalized skill score (per-station model_MAE / naive_MAE, macro-avg) = 0.8361  (beats naive)
macro-average MAE (equal per station) = 69.9172
80% interval (q0.1-q0.9) empirical coverage = 67.80% (target: 80%)
[2026-09-07 00:16:40] DONE  backtest blaine withiqr evalon_raw (0.9 min)
[2026-09-07 00:16:40] START backtest blaine withiqr evalon_clean  (CHRONOS_PROCESSED_CSV=data/processed/with_iqr/quality_timeseries.csv)
  cmd: C:\Users\lhgdr\Desktop\Kitech\Cement\Cement_code_fin\.venv\Scripts\python.exe eval/backtest.py --target blaine --checkpoint C:\Users\lhgdr\Desktop\Kitech\Cement\Cement_code_fin\checkpoints\blaine_ctx512_withiqr\final --context-length 512 --stride 4 --tag ctx512_withiqr_evalon_clean
----- stdout tail -----
Saved backtest results -> C:\Users\lhgdr\Desktop\Kitech\Cement\Cement_code_fin\eval\backtest_blaine_ctx512_withiqr_evalon_clean.csv

=== blaine backtest (C:\Users\lhgdr\Desktop\Kitech\Cement\Cement_code_fin\checkpoints\blaine_ctx512_withiqr\final) ===
n = 830  (fresh-reading transitions only: True)

--- Naive baseline (repeat last observed reading) ---
MAE=80.253  RMSE=108.520  R2=0.2068  spec-in/out accuracy=67.71%
            Pred IN  Pred OUT
Actual IN       274       138
Actual OUT      130       288

--- Chronos-2 ---
MAE=69.757  RMSE=91.730  R2=0.4332  spec-in/out accuracy=70.00%
            Pred IN  Pred OUT
Actual IN       269       143
Actual OUT      106       312

normalized skill score (per-station model_MAE / naive_MAE, macro-avg) = 0.8715  (beats naive)
macro-average MAE (equal per station) = 69.8704
80% interval (q0.1-q0.9) empirical coverage = 66.99% (target: 80%)
[2026-09-07 00:17:31] DONE  backtest blaine withiqr evalon_clean (0.8 min)
[2026-09-07 00:17:31] START finetune blaine withoutiqr ctx512  (CHRONOS_PROCESSED_CSV=data/processed/without_iqr/quality_timeseries.csv)
  cmd: C:\Users\lhgdr\Desktop\Kitech\Cement\Cement_code_fin\.venv\Scripts\python.exe train/finetune_chronos2.py --target blaine --finetune-mode full --prediction-length 4 --context-length 512 --learning-rate 1e-6 --num-steps 1000 --batch-size 64 --output-tag ctx512_withoutiqr
----- stdout tail -----
{'eval_loss': '0.005201', 'eval_runtime': '0.0672', 'eval_samples_per_second': '1875', 'eval_steps_per_second': '29.77', 'epoch': '0.3'}
{'loss': '0.008157', 'grad_norm': '0.6749', 'learning_rate': '6.01e-07', 'epoch': '0.4'}
{'eval_loss': '0.005724', 'eval_runtime': '0.0675', 'eval_samples_per_second': '1866', 'eval_steps_per_second': '29.62', 'epoch': '0.4'}
{'loss': '0.008022', 'grad_norm': '0.6458', 'learning_rate': '5.01e-07', 'epoch': '0.5'}
{'eval_loss': '0.005814', 'eval_runtime': '0.0686', 'eval_samples_per_second': '1836', 'eval_steps_per_second': '29.15', 'epoch': '0.5'}
{'loss': '0.008678', 'grad_norm': '0.34', 'learning_rate': '4.01e-07', 'epoch': '0.6'}
{'eval_loss': '0.005686', 'eval_runtime': '0.0729', 'eval_samples_per_second': '1729', 'eval_steps_per_second': '27.45', 'epoch': '0.6'}
{'loss': '0.007722', 'grad_norm': '0.7999', 'learning_rate': '3.01e-07', 'epoch': '0.7'}
{'eval_loss': '0.005548', 'eval_runtime': '0.0682', 'eval_samples_per_second': '1848', 'eval_steps_per_second': '29.34', 'epoch': '0.7'}
{'loss': '0.007668', 'grad_norm': '0.2863', 'learning_rate': '2.01e-07', 'epoch': '0.8'}
{'eval_loss': '0.005446', 'eval_runtime': '0.0698', 'eval_samples_per_second': '1804', 'eval_steps_per_second': '28.64', 'epoch': '0.8'}
{'loss': '0.007225', 'grad_norm': '0.4148', 'learning_rate': '1.01e-07', 'epoch': '0.9'}
{'eval_loss': '0.005477', 'eval_runtime': '0.0692', 'eval_samples_per_second': '1821', 'eval_steps_per_second': '28.9', 'epoch': '0.9'}
{'loss': '0.007883', 'grad_norm': '0.6132', 'learning_rate': '1e-09', 'epoch': '1'}
{'eval_loss': '0.005525', 'eval_runtime': '0.0712', 'eval_samples_per_second': '1770', 'eval_steps_per_second': '28.1', 'epoch': '1'}
{'train_runtime': '145.9', 'train_samples_per_second': '438.7', 'train_steps_per_second': '6.854', 'train_loss': '0.007637', 'epoch': '1'}
Saved fine-tuned blaine quality net -> C:\Users\lhgdr\Desktop\Kitech\Cement\Cement_code_fin\checkpoints\blaine_ctx512_withoutiqr\final
Saved loss history (10 val points) -> C:\Users\lhgdr\Desktop\Kitech\Cement\Cement_code_fin\checkpoints\blaine_ctx512_withoutiqr\loss_history.csv
  val_loss: min=0.00475 (step 100), final=0.00552 (step 1000), final-min=+0.00078 <-- val loss rose from its min: overfitting
Saved loss curve -> C:\Users\lhgdr\Desktop\Kitech\Cement\Cement_code_fin\checkpoints\blaine_ctx512_withoutiqr\loss_history.png
[2026-09-07 00:20:05] DONE  finetune blaine withoutiqr ctx512 (2.6 min)
[2026-09-07 00:20:05] START backtest blaine withoutiqr evalon_raw  (CHRONOS_PROCESSED_CSV=data/processed/without_iqr/quality_timeseries.csv)
  cmd: C:\Users\lhgdr\Desktop\Kitech\Cement\Cement_code_fin\.venv\Scripts\python.exe eval/backtest.py --target blaine --checkpoint C:\Users\lhgdr\Desktop\Kitech\Cement\Cement_code_fin\checkpoints\blaine_ctx512_withoutiqr\final --context-length 512 --stride 4 --tag ctx512_withoutiqr_evalon_raw
----- stdout tail -----
Saved backtest results -> C:\Users\lhgdr\Desktop\Kitech\Cement\Cement_code_fin\eval\backtest_blaine_ctx512_withoutiqr_evalon_raw.csv

=== blaine backtest (C:\Users\lhgdr\Desktop\Kitech\Cement\Cement_code_fin\checkpoints\blaine_ctx512_withoutiqr\final) ===
n = 851  (fresh-reading transitions only: True)

--- Naive baseline (repeat last observed reading) ---
MAE=83.767  RMSE=118.862  R2=0.1629  spec-in/out accuracy=66.98%
            Pred IN  Pred OUT
Actual IN       265       139
Actual OUT      142       305

--- Chronos-2 ---
MAE=69.635  RMSE=94.250  R2=0.4737  spec-in/out accuracy=70.15%
            Pred IN  Pred OUT
Actual IN       272       132
Actual OUT      122       325

normalized skill score (per-station model_MAE / naive_MAE, macro-avg) = 0.8319  (beats naive)
macro-average MAE (equal per station) = 69.5736
80% interval (q0.1-q0.9) empirical coverage = 66.16% (target: 80%)
[2026-09-07 00:20:57] DONE  backtest blaine withoutiqr evalon_raw (0.9 min)
[2026-09-07 00:20:57] START backtest blaine withoutiqr evalon_clean  (CHRONOS_PROCESSED_CSV=data/processed/with_iqr/quality_timeseries.csv)
  cmd: C:\Users\lhgdr\Desktop\Kitech\Cement\Cement_code_fin\.venv\Scripts\python.exe eval/backtest.py --target blaine --checkpoint C:\Users\lhgdr\Desktop\Kitech\Cement\Cement_code_fin\checkpoints\blaine_ctx512_withoutiqr\final --context-length 512 --stride 4 --tag ctx512_withoutiqr_evalon_clean
----- stdout tail -----
Saved backtest results -> C:\Users\lhgdr\Desktop\Kitech\Cement\Cement_code_fin\eval\backtest_blaine_ctx512_withoutiqr_evalon_clean.csv

=== blaine backtest (C:\Users\lhgdr\Desktop\Kitech\Cement\Cement_code_fin\checkpoints\blaine_ctx512_withoutiqr\final) ===
n = 830  (fresh-reading transitions only: True)

--- Naive baseline (repeat last observed reading) ---
MAE=80.253  RMSE=108.520  R2=0.2068  spec-in/out accuracy=67.71%
            Pred IN  Pred OUT
Actual IN       274       138
Actual OUT      130       288

--- Chronos-2 ---
MAE=69.261  RMSE=91.093  R2=0.4411  spec-in/out accuracy=69.88%
            Pred IN  Pred OUT
Actual IN       274       138
Actual OUT      112       306

normalized skill score (per-station model_MAE / naive_MAE, macro-avg) = 0.8652  (beats naive)
macro-average MAE (equal per station) = 69.3696
80% interval (q0.1-q0.9) empirical coverage = 65.42% (target: 80%)
[2026-09-07 00:21:47] DONE  backtest blaine withoutiqr evalon_clean (0.8 min)
[2026-09-07 00:21:47] START finetune residue withiqr ctx256  (CHRONOS_PROCESSED_CSV=data/processed/with_iqr/quality_timeseries.csv)
  cmd: C:\Users\lhgdr\Desktop\Kitech\Cement\Cement_code_fin\.venv\Scripts\python.exe train/finetune_chronos2.py --target residue --finetune-mode full --prediction-length 4 --context-length 256 --learning-rate 1e-6 --num-steps 1000 --batch-size 64 --output-tag ctx256_withiqr
----- stdout tail -----
{'eval_loss': '0.02016', 'eval_runtime': '0.0449', 'eval_samples_per_second': '2807', 'eval_steps_per_second': '44.56', 'epoch': '0.3'}
{'loss': '0.007495', 'grad_norm': '1.029', 'learning_rate': '6.01e-07', 'epoch': '0.4'}
{'eval_loss': '0.01953', 'eval_runtime': '0.0451', 'eval_samples_per_second': '2792', 'eval_steps_per_second': '44.32', 'epoch': '0.4'}
{'loss': '0.009128', 'grad_norm': '1.419', 'learning_rate': '5.01e-07', 'epoch': '0.5'}
{'eval_loss': '0.01974', 'eval_runtime': '0.0458', 'eval_samples_per_second': '2754', 'eval_steps_per_second': '43.71', 'epoch': '0.5'}
{'loss': '0.009382', 'grad_norm': '0.7757', 'learning_rate': '4.01e-07', 'epoch': '0.6'}
{'eval_loss': '0.01884', 'eval_runtime': '0.0537', 'eval_samples_per_second': '2345', 'eval_steps_per_second': '37.22', 'epoch': '0.6'}
{'loss': '0.008536', 'grad_norm': '1.801', 'learning_rate': '3.01e-07', 'epoch': '0.7'}
{'eval_loss': '0.01868', 'eval_runtime': '0.0472', 'eval_samples_per_second': '2670', 'eval_steps_per_second': '42.38', 'epoch': '0.7'}
{'loss': '0.008205', 'grad_norm': '1.192', 'learning_rate': '2.01e-07', 'epoch': '0.8'}
{'eval_loss': '0.01846', 'eval_runtime': '0.0468', 'eval_samples_per_second': '2690', 'eval_steps_per_second': '42.7', 'epoch': '0.8'}
{'loss': '0.008524', 'grad_norm': '0.7083', 'learning_rate': '1.01e-07', 'epoch': '0.9'}
{'eval_loss': '0.01869', 'eval_runtime': '0.049', 'eval_samples_per_second': '2571', 'eval_steps_per_second': '40.81', 'epoch': '0.9'}
{'loss': '0.008068', 'grad_norm': '0.7293', 'learning_rate': '1e-09', 'epoch': '1'}
{'eval_loss': '0.0187', 'eval_runtime': '0.0508', 'eval_samples_per_second': '2483', 'eval_steps_per_second': '39.41', 'epoch': '1'}
{'train_runtime': '88.19', 'train_samples_per_second': '725.7', 'train_steps_per_second': '11.34', 'train_loss': '0.008651', 'epoch': '1'}
Saved fine-tuned residue quality net -> C:\Users\lhgdr\Desktop\Kitech\Cement\Cement_code_fin\checkpoints\residue_ctx256_withiqr\final
Saved loss history (10 val points) -> C:\Users\lhgdr\Desktop\Kitech\Cement\Cement_code_fin\checkpoints\residue_ctx256_withiqr\loss_history.csv
  val_loss: min=0.01846 (step 800), final=0.01870 (step 1000), final-min=+0.00024 <-- val loss rose from its min: overfitting
Saved loss curve -> C:\Users\lhgdr\Desktop\Kitech\Cement\Cement_code_fin\checkpoints\residue_ctx256_withiqr\loss_history.png
[2026-09-07 00:23:23] DONE  finetune residue withiqr ctx256 (1.6 min)
[2026-09-07 00:23:23] START backtest residue withiqr evalon_raw  (CHRONOS_PROCESSED_CSV=data/processed/without_iqr/quality_timeseries.csv)
  cmd: C:\Users\lhgdr\Desktop\Kitech\Cement\Cement_code_fin\.venv\Scripts\python.exe eval/backtest.py --target residue --checkpoint C:\Users\lhgdr\Desktop\Kitech\Cement\Cement_code_fin\checkpoints\residue_ctx256_withiqr\final --context-length 256 --stride 4 --tag ctx256_withiqr_evalon_raw
----- stdout tail -----
Saved backtest results -> C:\Users\lhgdr\Desktop\Kitech\Cement\Cement_code_fin\eval\backtest_residue_ctx256_withiqr_evalon_raw.csv

=== residue backtest (C:\Users\lhgdr\Desktop\Kitech\Cement\Cement_code_fin\checkpoints\residue_ctx256_withiqr\final) ===
n = 856  (fresh-reading transitions only: True)

--- Naive baseline (repeat last observed reading) ---
MAE=0.568  RMSE=1.046  R2=0.5778  spec-in/out accuracy=78.50%
            Pred IN  Pred OUT
Actual IN       316       100
Actual OUT       84       356

--- Chronos-2 ---
MAE=0.459  RMSE=0.773  R2=0.7695  spec-in/out accuracy=82.36%
            Pred IN  Pred OUT
Actual IN       338        78
Actual OUT       73       367

normalized skill score (per-station model_MAE / naive_MAE, macro-avg) = 0.8093  (beats naive)
macro-average MAE (equal per station) = 0.4584
80% interval (q0.1-q0.9) empirical coverage = 68.34% (target: 80%)
[2026-09-07 00:23:56] DONE  backtest residue withiqr evalon_raw (0.5 min)
[2026-09-07 00:23:56] START backtest residue withiqr evalon_clean  (CHRONOS_PROCESSED_CSV=data/processed/with_iqr/quality_timeseries.csv)
  cmd: C:\Users\lhgdr\Desktop\Kitech\Cement\Cement_code_fin\.venv\Scripts\python.exe eval/backtest.py --target residue --checkpoint C:\Users\lhgdr\Desktop\Kitech\Cement\Cement_code_fin\checkpoints\residue_ctx256_withiqr\final --context-length 256 --stride 4 --tag ctx256_withiqr_evalon_clean
----- stdout tail -----
Saved backtest results -> C:\Users\lhgdr\Desktop\Kitech\Cement\Cement_code_fin\eval\backtest_residue_ctx256_withiqr_evalon_clean.csv

=== residue backtest (C:\Users\lhgdr\Desktop\Kitech\Cement\Cement_code_fin\checkpoints\residue_ctx256_withiqr\final) ===
n = 716  (fresh-reading transitions only: True)

--- Naive baseline (repeat last observed reading) ---
MAE=0.477  RMSE=0.621  R2=0.7071  spec-in/out accuracy=75.56%
            Pred IN  Pred OUT
Actual IN       325        91
Actual OUT       84       216

--- Chronos-2 ---
MAE=0.416  RMSE=0.545  R2=0.7740  spec-in/out accuracy=76.82%
            Pred IN  Pred OUT
Actual IN       336        80
Actual OUT       86       214

normalized skill score (per-station model_MAE / naive_MAE, macro-avg) = 0.8749  (beats naive)
macro-average MAE (equal per station) = 0.4148
80% interval (q0.1-q0.9) empirical coverage = 69.13% (target: 80%)
[2026-09-07 00:24:24] DONE  backtest residue withiqr evalon_clean (0.5 min)
[2026-09-07 00:24:24] START finetune residue withoutiqr ctx256  (CHRONOS_PROCESSED_CSV=data/processed/without_iqr/quality_timeseries.csv)
  cmd: C:\Users\lhgdr\Desktop\Kitech\Cement\Cement_code_fin\.venv\Scripts\python.exe train/finetune_chronos2.py --target residue --finetune-mode full --prediction-length 4 --context-length 256 --learning-rate 1e-6 --num-steps 1000 --batch-size 64 --output-tag ctx256_withoutiqr
----- stdout tail -----
{'eval_loss': '0.01562', 'eval_runtime': '0.0466', 'eval_samples_per_second': '2706', 'eval_steps_per_second': '42.95', 'epoch': '0.3'}
{'loss': '0.007838', 'grad_norm': '0.6863', 'learning_rate': '6.01e-07', 'epoch': '0.4'}
{'eval_loss': '0.01538', 'eval_runtime': '0.0468', 'eval_samples_per_second': '2690', 'eval_steps_per_second': '42.7', 'epoch': '0.4'}
{'loss': '0.009653', 'grad_norm': '1.052', 'learning_rate': '5.01e-07', 'epoch': '0.5'}
{'eval_loss': '0.01541', 'eval_runtime': '0.0512', 'eval_samples_per_second': '2459', 'eval_steps_per_second': '39.03', 'epoch': '0.5'}
{'loss': '0.009342', 'grad_norm': '0.7352', 'learning_rate': '4.01e-07', 'epoch': '0.6'}
{'eval_loss': '0.01582', 'eval_runtime': '0.0456', 'eval_samples_per_second': '2763', 'eval_steps_per_second': '43.85', 'epoch': '0.6'}
{'loss': '0.008686', 'grad_norm': '1.409', 'learning_rate': '3.01e-07', 'epoch': '0.7'}
{'eval_loss': '0.01525', 'eval_runtime': '0.0627', 'eval_samples_per_second': '2010', 'eval_steps_per_second': '31.91', 'epoch': '0.7'}
{'loss': '0.00788', 'grad_norm': '1.137', 'learning_rate': '2.01e-07', 'epoch': '0.8'}
{'eval_loss': '0.01588', 'eval_runtime': '0.0468', 'eval_samples_per_second': '2693', 'eval_steps_per_second': '42.74', 'epoch': '0.8'}
{'loss': '0.009111', 'grad_norm': '0.5357', 'learning_rate': '1.01e-07', 'epoch': '0.9'}
{'eval_loss': '0.01577', 'eval_runtime': '0.0464', 'eval_samples_per_second': '2716', 'eval_steps_per_second': '43.12', 'epoch': '0.9'}
{'loss': '0.008186', 'grad_norm': '0.4359', 'learning_rate': '1e-09', 'epoch': '1'}
{'eval_loss': '0.01581', 'eval_runtime': '0.0507', 'eval_samples_per_second': '2486', 'eval_steps_per_second': '39.46', 'epoch': '1'}
{'train_runtime': '88.65', 'train_samples_per_second': '721.9', 'train_steps_per_second': '11.28', 'train_loss': '0.008787', 'epoch': '1'}
Saved fine-tuned residue quality net -> C:\Users\lhgdr\Desktop\Kitech\Cement\Cement_code_fin\checkpoints\residue_ctx256_withoutiqr\final
Saved loss history (10 val points) -> C:\Users\lhgdr\Desktop\Kitech\Cement\Cement_code_fin\checkpoints\residue_ctx256_withoutiqr\loss_history.csv
  val_loss: min=0.01525 (step 700), final=0.01581 (step 1000), final-min=+0.00056 <-- val loss rose from its min: overfitting
Saved loss curve -> C:\Users\lhgdr\Desktop\Kitech\Cement\Cement_code_fin\checkpoints\residue_ctx256_withoutiqr\loss_history.png
[2026-09-07 00:26:01] DONE  finetune residue withoutiqr ctx256 (1.6 min)
[2026-09-07 00:26:01] START backtest residue withoutiqr evalon_raw  (CHRONOS_PROCESSED_CSV=data/processed/without_iqr/quality_timeseries.csv)
  cmd: C:\Users\lhgdr\Desktop\Kitech\Cement\Cement_code_fin\.venv\Scripts\python.exe eval/backtest.py --target residue --checkpoint C:\Users\lhgdr\Desktop\Kitech\Cement\Cement_code_fin\checkpoints\residue_ctx256_withoutiqr\final --context-length 256 --stride 4 --tag ctx256_withoutiqr_evalon_raw
----- stdout tail -----
Saved backtest results -> C:\Users\lhgdr\Desktop\Kitech\Cement\Cement_code_fin\eval\backtest_residue_ctx256_withoutiqr_evalon_raw.csv

=== residue backtest (C:\Users\lhgdr\Desktop\Kitech\Cement\Cement_code_fin\checkpoints\residue_ctx256_withoutiqr\final) ===
n = 856  (fresh-reading transitions only: True)

--- Naive baseline (repeat last observed reading) ---
MAE=0.568  RMSE=1.046  R2=0.5778  spec-in/out accuracy=78.50%
            Pred IN  Pred OUT
Actual IN       316       100
Actual OUT       84       356

--- Chronos-2 ---
MAE=0.459  RMSE=0.772  R2=0.7701  spec-in/out accuracy=83.06%
            Pred IN  Pred OUT
Actual IN       345        71
Actual OUT       74       366

normalized skill score (per-station model_MAE / naive_MAE, macro-avg) = 0.8086  (beats naive)
macro-average MAE (equal per station) = 0.4581
80% interval (q0.1-q0.9) empirical coverage = 69.74% (target: 80%)
[2026-09-07 00:26:34] DONE  backtest residue withoutiqr evalon_raw (0.5 min)
[2026-09-07 00:26:34] START backtest residue withoutiqr evalon_clean  (CHRONOS_PROCESSED_CSV=data/processed/with_iqr/quality_timeseries.csv)
  cmd: C:\Users\lhgdr\Desktop\Kitech\Cement\Cement_code_fin\.venv\Scripts\python.exe eval/backtest.py --target residue --checkpoint C:\Users\lhgdr\Desktop\Kitech\Cement\Cement_code_fin\checkpoints\residue_ctx256_withoutiqr\final --context-length 256 --stride 4 --tag ctx256_withoutiqr_evalon_clean
----- stdout tail -----
Saved backtest results -> C:\Users\lhgdr\Desktop\Kitech\Cement\Cement_code_fin\eval\backtest_residue_ctx256_withoutiqr_evalon_clean.csv

=== residue backtest (C:\Users\lhgdr\Desktop\Kitech\Cement\Cement_code_fin\checkpoints\residue_ctx256_withoutiqr\final) ===
n = 716  (fresh-reading transitions only: True)

--- Naive baseline (repeat last observed reading) ---
MAE=0.477  RMSE=0.621  R2=0.7071  spec-in/out accuracy=75.56%
            Pred IN  Pred OUT
Actual IN       325        91
Actual OUT       84       216

--- Chronos-2 ---
MAE=0.414  RMSE=0.545  R2=0.7744  spec-in/out accuracy=77.79%
            Pred IN  Pred OUT
Actual IN       341        75
Actual OUT       84       216

normalized skill score (per-station model_MAE / naive_MAE, macro-avg) = 0.8723  (beats naive)
macro-average MAE (equal per station) = 0.4137
80% interval (q0.1-q0.9) empirical coverage = 69.55% (target: 80%)
[2026-09-07 00:27:02] DONE  backtest residue withoutiqr evalon_clean (0.5 min)
[2026-09-07 00:27:02] === IQR A/B complete ===
